Copyright 1986-2022 Xilinx, Inc. All Rights Reserved. Copyright 2022-2026 Advanced Micro Devices, Inc. All Rights Reserved.
---------------------------------------------------------------------------------------------------------------------------------------------
| Tool Version : Vivado v.2026.1 (win64) Build 6511674 Tue Jun 16 11:02:23 MDT 2026
| Date         : Thu Sep 10 18:55:22 2026
| Host         : ANBU-PC running 64-bit major release  (build 9200)
| Command      : report_methodology -file reports/post_route_methodology.rpt
| Design       : ampc_top
| Device       : xc7z010clg400-1
| Speed File   : -1
| Design State : Fully Routed
---------------------------------------------------------------------------------------------------------------------------------------------

Report Methodology

Table of Contents
-----------------
1. REPORT SUMMARY
2. REPORT DETAILS

1. REPORT SUMMARY
-----------------
            Netlist: ampc_top
          Floorplan: design_1
      Design limits: <entire design considered>
             Max checks: <unlimited>
             Checks found: 424
+-----------+----------+-------------------------------+--------+
| Rule      | Severity | Description                   | Checks |
+-----------+----------+-------------------------------+--------+
| TIMING-18 | Warning  | Missing input or output delay | 424    |
+-----------+----------+-------------------------------+--------+

2. REPORT DETAILS
-----------------
TIMING-18#1 Warning
Missing input or output delay  
An input delay is missing on data_in[0][0] relative to the rising and/or falling clock edge(s) of clk.
Related violations: <none>

TIMING-18#2 Warning
Missing input or output delay  
An input delay is missing on data_in[0][1] relative to the rising and/or falling clock edge(s) of clk.
Related violations: <none>

TIMING-18#3 Warning
Missing input or output delay  
An input delay is missing on data_in[0][2] relative to the rising and/or falling clock edge(s) of clk.
Related violations: <none>

TIMING-18#4 Warning
Missing input or output delay  
An input delay is missing on data_in[0][3] relative to the rising and/or falling clock edge(s) of clk.
Related violations: <none>

TIMING-18#5 Warning
Missing input or output delay  
An input delay is missing on data_in[0][4] relative to the rising and/or falling clock edge(s) of clk.
Related violations: <none>

TIMING-18#6 Warning
Missing input or output delay  
An input delay is missing on data_in[0][5] relative to the rising and/or falling clock edge(s) of clk.
Related violations: <none>

TIMING-18#7 Warning
Missing input or output delay  
An input delay is missing on data_in[0][6] relative to the rising and/or falling clock edge(s) of clk.
Related violations: <none>

TIMING-18#8 Warning
Missing input or output delay  
An input delay is missing on data_in[0][7] relative to the rising and/or falling clock edge(s) of clk.
Related violations: <none>

TIMING-18#9 Warning
Missing input or output delay  
An input delay is missing on data_in[10][0] relative to the rising and/or falling clock edge(s) of clk.
Related violations: <none>

TIMING-18#10 Warning
Missing input or output delay  
An input delay is missing on data_in[10][1] relative to the rising and/or falling clock edge(s) of clk.
Related violations: <none>

TIMING-18#11 Warning
Missing input or output delay  
An input delay is missing on data_in[10][2] relative to the rising and/or falling clock edge(s) of clk.
Related violations: <none>

TIMING-18#12 Warning
Missing input or output delay  
An input delay is missing on data_in[10][3] relative to the rising and/or falling clock edge(s) of clk.
Related violations: <none>

TIMING-18#13 Warning
Missing input or output delay  
An input delay is missing on data_in[10][4] relative to the rising and/or falling clock edge(s) of clk.
Related violations: <none>

TIMING-18#14 Warning
Missing input or output delay  
An input delay is missing on data_in[10][5] relative to the rising and/or falling clock edge(s) of clk.
Related violations: <none>

TIMING-18#15 Warning
Missing input or output delay  
An input delay is missing on data_in[10][6] relative to the rising and/or falling clock edge(s) of clk.
Related violations: <none>

TIMING-18#16 Warning
Missing input or output delay  
An input delay is missing on data_in[10][7] relative to the rising and/or falling clock edge(s) of clk.
Related violations: <none>

TIMING-18#17 Warning
Missing input or output delay  
An input delay is missing on data_in[11][0] relative to the rising and/or falling clock edge(s) of clk.
Related violations: <none>

TIMING-18#18 Warning
Missing input or output delay  
An input delay is missing on data_in[11][1] relative to the rising and/or falling clock edge(s) of clk.
Related violations: <none>

TIMING-18#19 Warning
Missing input or output delay  
An input delay is missing on data_in[11][2] relative to the rising and/or falling clock edge(s) of clk.
Related violations: <none>

TIMING-18#20 Warning
Missing input or output delay  
An input delay is missing on data_in[11][3] relative to the rising and/or falling clock edge(s) of clk.
Related violations: <none>

TIMING-18#21 Warning
Missing input or output delay  
An input delay is missing on data_in[11][4] relative to the rising and/or falling clock edge(s) of clk.
Related violations: <none>

TIMING-18#22 Warning
Missing input or output delay  
An input delay is missing on data_in[11][5] relative to the rising and/or falling clock edge(s) of clk.
Related violations: <none>

TIMING-18#23 Warning
Missing input or output delay  
An input delay is missing on data_in[11][6] relative to the rising and/or falling clock edge(s) of clk.
Related violations: <none>

TIMING-18#24 Warning
Missing input or output delay  
An input delay is missing on data_in[11][7] relative to the rising and/or falling clock edge(s) of clk.
Related violations: <none>

TIMING-18#25 Warning
Missing input or output delay  
An input delay is missing on data_in[12][0] relative to the rising and/or falling clock edge(s) of clk.
Related violations: <none>

TIMING-18#26 Warning
Missing input or output delay  
An input delay is missing on data_in[12][1] relative to the rising and/or falling clock edge(s) of clk.
Related violations: <none>

TIMING-18#27 Warning
Missing input or output delay  
An input delay is missing on data_in[12][2] relative to the rising and/or falling clock edge(s) of clk.
Related violations: <none>

TIMING-18#28 Warning
Missing input or output delay  
An input delay is missing on data_in[12][3] relative to the rising and/or falling clock edge(s) of clk.
Related violations: <none>

TIMING-18#29 Warning
Missing input or output delay  
An input delay is missing on data_in[12][4] relative to the rising and/or falling clock edge(s) of clk.
Related violations: <none>

TIMING-18#30 Warning
Missing input or output delay  
An input delay is missing on data_in[12][5] relative to the rising and/or falling clock edge(s) of clk.
Related violations: <none>

TIMING-18#31 Warning
Missing input or output delay  
An input delay is missing on data_in[12][6] relative to the rising and/or falling clock edge(s) of clk.
Related violations: <none>

TIMING-18#32 Warning
Missing input or output delay  
An input delay is missing on data_in[12][7] relative to the rising and/or falling clock edge(s) of clk.
Related violations: <none>

TIMING-18#33 Warning
Missing input or output delay  
An input delay is missing on data_in[13][0] relative to the rising and/or falling clock edge(s) of clk.
Related violations: <none>

TIMING-18#34 Warning
Missing input or output delay  
An input delay is missing on data_in[13][1] relative to the rising and/or falling clock edge(s) of clk.
Related violations: <none>

TIMING-18#35 Warning
Missing input or output delay  
An input delay is missing on data_in[13][2] relative to the rising and/or falling clock edge(s) of clk.
Related violations: <none>

TIMING-18#36 Warning
Missing input or output delay  
An input delay is missing on data_in[13][3] relative to the rising and/or falling clock edge(s) of clk.
Related violations: <none>

TIMING-18#37 Warning
Missing input or output delay  
An input delay is missing on data_in[13][4] relative to the rising and/or falling clock edge(s) of clk.
Related violations: <none>

TIMING-18#38 Warning
Missing input or output delay  
An input delay is missing on data_in[13][5] relative to the rising and/or falling clock edge(s) of clk.
Related violations: <none>

TIMING-18#39 Warning
Missing input or output delay  
An input delay is missing on data_in[13][6] relative to the rising and/or falling clock edge(s) of clk.
Related violations: <none>

TIMING-18#40 Warning
Missing input or output delay  
An input delay is missing on data_in[13][7] relative to the rising and/or falling clock edge(s) of clk.
Related violations: <none>

TIMING-18#41 Warning
Missing input or output delay  
An input delay is missing on data_in[14][0] relative to the rising and/or falling clock edge(s) of clk.
Related violations: <none>

TIMING-18#42 Warning
Missing input or output delay  
An input delay is missing on data_in[14][1] relative to the rising and/or falling clock edge(s) of clk.
Related violations: <none>

TIMING-18#43 Warning
Missing input or output delay  
An input delay is missing on data_in[14][2] relative to the rising and/or falling clock edge(s) of clk.
Related violations: <none>

TIMING-18#44 Warning
Missing input or output delay  
An input delay is missing on data_in[14][3] relative to the rising and/or falling clock edge(s) of clk.
Related violations: <none>

TIMING-18#45 Warning
Missing input or output delay  
An input delay is missing on data_in[14][4] relative to the rising and/or falling clock edge(s) of clk.
Related violations: <none>

TIMING-18#46 Warning
Missing input or output delay  
An input delay is missing on data_in[14][5] relative to the rising and/or falling clock edge(s) of clk.
Related violations: <none>

TIMING-18#47 Warning
Missing input or output delay  
An input delay is missing on data_in[14][6] relative to the rising and/or falling clock edge(s) of clk.
Related violations: <none>

TIMING-18#48 Warning
Missing input or output delay  
An input delay is missing on data_in[14][7] relative to the rising and/or falling clock edge(s) of clk.
Related violations: <none>

TIMING-18#49 Warning
Missing input or output delay  
An input delay is missing on data_in[15][0] relative to the rising and/or falling clock edge(s) of clk.
Related violations: <none>

TIMING-18#50 Warning
Missing input or output delay  
An input delay is missing on data_in[15][1] relative to the rising and/or falling clock edge(s) of clk.
Related violations: <none>

TIMING-18#51 Warning
Missing input or output delay  
An input delay is missing on data_in[15][2] relative to the rising and/or falling clock edge(s) of clk.
Related violations: <none>

TIMING-18#52 Warning
Missing input or output delay  
An input delay is missing on data_in[15][3] relative to the rising and/or falling clock edge(s) of clk.
Related violations: <none>

TIMING-18#53 Warning
Missing input or output delay  
An input delay is missing on data_in[15][4] relative to the rising and/or falling clock edge(s) of clk.
Related violations: <none>

TIMING-18#54 Warning
Missing input or output delay  
An input delay is missing on data_in[15][5] relative to the rising and/or falling clock edge(s) of clk.
Related violations: <none>

TIMING-18#55 Warning
Missing input or output delay  
An input delay is missing on data_in[15][6] relative to the rising and/or falling clock edge(s) of clk.
Related violations: <none>

TIMING-18#56 Warning
Missing input or output delay  
An input delay is missing on data_in[15][7] relative to the rising and/or falling clock edge(s) of clk.
Related violations: <none>

TIMING-18#57 Warning
Missing input or output delay  
An input delay is missing on data_in[1][0] relative to the rising and/or falling clock edge(s) of clk.
Related violations: <none>

TIMING-18#58 Warning
Missing input or output delay  
An input delay is missing on data_in[1][1] relative to the rising and/or falling clock edge(s) of clk.
Related violations: <none>

TIMING-18#59 Warning
Missing input or output delay  
An input delay is missing on data_in[1][2] relative to the rising and/or falling clock edge(s) of clk.
Related violations: <none>

TIMING-18#60 Warning
Missing input or output delay  
An input delay is missing on data_in[1][3] relative to the rising and/or falling clock edge(s) of clk.
Related violations: <none>

TIMING-18#61 Warning
Missing input or output delay  
An input delay is missing on data_in[1][4] relative to the rising and/or falling clock edge(s) of clk.
Related violations: <none>

TIMING-18#62 Warning
Missing input or output delay  
An input delay is missing on data_in[1][5] relative to the rising and/or falling clock edge(s) of clk.
Related violations: <none>

TIMING-18#63 Warning
Missing input or output delay  
An input delay is missing on data_in[1][6] relative to the rising and/or falling clock edge(s) of clk.
Related violations: <none>

TIMING-18#64 Warning
Missing input or output delay  
An input delay is missing on data_in[1][7] relative to the rising and/or falling clock edge(s) of clk.
Related violations: <none>

TIMING-18#65 Warning
Missing input or output delay  
An input delay is missing on data_in[2][0] relative to the rising and/or falling clock edge(s) of clk.
Related violations: <none>

TIMING-18#66 Warning
Missing input or output delay  
An input delay is missing on data_in[2][1] relative to the rising and/or falling clock edge(s) of clk.
Related violations: <none>

TIMING-18#67 Warning
Missing input or output delay  
An input delay is missing on data_in[2][2] relative to the rising and/or falling clock edge(s) of clk.
Related violations: <none>

TIMING-18#68 Warning
Missing input or output delay  
An input delay is missing on data_in[2][3] relative to the rising and/or falling clock edge(s) of clk.
Related violations: <none>

TIMING-18#69 Warning
Missing input or output delay  
An input delay is missing on data_in[2][4] relative to the rising and/or falling clock edge(s) of clk.
Related violations: <none>

TIMING-18#70 Warning
Missing input or output delay  
An input delay is missing on data_in[2][5] relative to the rising and/or falling clock edge(s) of clk.
Related violations: <none>

TIMING-18#71 Warning
Missing input or output delay  
An input delay is missing on data_in[2][6] relative to the rising and/or falling clock edge(s) of clk.
Related violations: <none>

TIMING-18#72 Warning
Missing input or output delay  
An input delay is missing on data_in[2][7] relative to the rising and/or falling clock edge(s) of clk.
Related violations: <none>

TIMING-18#73 Warning
Missing input or output delay  
An input delay is missing on data_in[3][0] relative to the rising and/or falling clock edge(s) of clk.
Related violations: <none>

TIMING-18#74 Warning
Missing input or output delay  
An input delay is missing on data_in[3][1] relative to the rising and/or falling clock edge(s) of clk.
Related violations: <none>

TIMING-18#75 Warning
Missing input or output delay  
An input delay is missing on data_in[3][2] relative to the rising and/or falling clock edge(s) of clk.
Related violations: <none>

TIMING-18#76 Warning
Missing input or output delay  
An input delay is missing on data_in[3][3] relative to the rising and/or falling clock edge(s) of clk.
Related violations: <none>

TIMING-18#77 Warning
Missing input or output delay  
An input delay is missing on data_in[3][4] relative to the rising and/or falling clock edge(s) of clk.
Related violations: <none>

TIMING-18#78 Warning
Missing input or output delay  
An input delay is missing on data_in[3][5] relative to the rising and/or falling clock edge(s) of clk.
Related violations: <none>

TIMING-18#79 Warning
Missing input or output delay  
An input delay is missing on data_in[3][6] relative to the rising and/or falling clock edge(s) of clk.
Related violations: <none>

TIMING-18#80 Warning
Missing input or output delay  
An input delay is missing on data_in[3][7] relative to the rising and/or falling clock edge(s) of clk.
Related violations: <none>

TIMING-18#81 Warning
Missing input or output delay  
An input delay is missing on data_in[4][0] relative to the rising and/or falling clock edge(s) of clk.
Related violations: <none>

TIMING-18#82 Warning
Missing input or output delay  
An input delay is missing on data_in[4][1] relative to the rising and/or falling clock edge(s) of clk.
Related violations: <none>

TIMING-18#83 Warning
Missing input or output delay  
An input delay is missing on data_in[4][2] relative to the rising and/or falling clock edge(s) of clk.
Related violations: <none>

TIMING-18#84 Warning
Missing input or output delay  
An input delay is missing on data_in[4][3] relative to the rising and/or falling clock edge(s) of clk.
Related violations: <none>

TIMING-18#85 Warning
Missing input or output delay  
An input delay is missing on data_in[4][4] relative to the rising and/or falling clock edge(s) of clk.
Related violations: <none>

TIMING-18#86 Warning
Missing input or output delay  
An input delay is missing on data_in[4][5] relative to the rising and/or falling clock edge(s) of clk.
Related violations: <none>

TIMING-18#87 Warning
Missing input or output delay  
An input delay is missing on data_in[4][6] relative to the rising and/or falling clock edge(s) of clk.
Related violations: <none>

TIMING-18#88 Warning
Missing input or output delay  
An input delay is missing on data_in[4][7] relative to the rising and/or falling clock edge(s) of clk.
Related violations: <none>

TIMING-18#89 Warning
Missing input or output delay  
An input delay is missing on data_in[5][0] relative to the rising and/or falling clock edge(s) of clk.
Related violations: <none>

TIMING-18#90 Warning
Missing input or output delay  
An input delay is missing on data_in[5][1] relative to the rising and/or falling clock edge(s) of clk.
Related violations: <none>

TIMING-18#91 Warning
Missing input or output delay  
An input delay is missing on data_in[5][2] relative to the rising and/or falling clock edge(s) of clk.
Related violations: <none>

TIMING-18#92 Warning
Missing input or output delay  
An input delay is missing on data_in[5][3] relative to the rising and/or falling clock edge(s) of clk.
Related violations: <none>

TIMING-18#93 Warning
Missing input or output delay  
An input delay is missing on data_in[5][4] relative to the rising and/or falling clock edge(s) of clk.
Related violations: <none>

TIMING-18#94 Warning
Missing input or output delay  
An input delay is missing on data_in[5][5] relative to the rising and/or falling clock edge(s) of clk.
Related violations: <none>

TIMING-18#95 Warning
Missing input or output delay  
An input delay is missing on data_in[5][6] relative to the rising and/or falling clock edge(s) of clk.
Related violations: <none>

TIMING-18#96 Warning
Missing input or output delay  
An input delay is missing on data_in[5][7] relative to the rising and/or falling clock edge(s) of clk.
Related violations: <none>

TIMING-18#97 Warning
Missing input or output delay  
An input delay is missing on data_in[6][0] relative to the rising and/or falling clock edge(s) of clk.
Related violations: <none>

TIMING-18#98 Warning
Missing input or output delay  
An input delay is missing on data_in[6][1] relative to the rising and/or falling clock edge(s) of clk.
Related violations: <none>

TIMING-18#99 Warning
Missing input or output delay  
An input delay is missing on data_in[6][2] relative to the rising and/or falling clock edge(s) of clk.
Related violations: <none>

TIMING-18#100 Warning
Missing input or output delay  
An input delay is missing on data_in[6][3] relative to the rising and/or falling clock edge(s) of clk.
Related violations: <none>

TIMING-18#101 Warning
Missing input or output delay  
An input delay is missing on data_in[6][4] relative to the rising and/or falling clock edge(s) of clk.
Related violations: <none>

TIMING-18#102 Warning
Missing input or output delay  
An input delay is missing on data_in[6][5] relative to the rising and/or falling clock edge(s) of clk.
Related violations: <none>

TIMING-18#103 Warning
Missing input or output delay  
An input delay is missing on data_in[6][6] relative to the rising and/or falling clock edge(s) of clk.
Related violations: <none>

TIMING-18#104 Warning
Missing input or output delay  
An input delay is missing on data_in[6][7] relative to the rising and/or falling clock edge(s) of clk.
Related violations: <none>

TIMING-18#105 Warning
Missing input or output delay  
An input delay is missing on data_in[7][0] relative to the rising and/or falling clock edge(s) of clk.
Related violations: <none>

TIMING-18#106 Warning
Missing input or output delay  
An input delay is missing on data_in[7][1] relative to the rising and/or falling clock edge(s) of clk.
Related violations: <none>

TIMING-18#107 Warning
Missing input or output delay  
An input delay is missing on data_in[7][2] relative to the rising and/or falling clock edge(s) of clk.
Related violations: <none>

TIMING-18#108 Warning
Missing input or output delay  
An input delay is missing on data_in[7][3] relative to the rising and/or falling clock edge(s) of clk.
Related violations: <none>

TIMING-18#109 Warning
Missing input or output delay  
An input delay is missing on data_in[7][4] relative to the rising and/or falling clock edge(s) of clk.
Related violations: <none>

TIMING-18#110 Warning
Missing input or output delay  
An input delay is missing on data_in[7][5] relative to the rising and/or falling clock edge(s) of clk.
Related violations: <none>

TIMING-18#111 Warning
Missing input or output delay  
An input delay is missing on data_in[7][6] relative to the rising and/or falling clock edge(s) of clk.
Related violations: <none>

TIMING-18#112 Warning
Missing input or output delay  
An input delay is missing on data_in[7][7] relative to the rising and/or falling clock edge(s) of clk.
Related violations: <none>

TIMING-18#113 Warning
Missing input or output delay  
An input delay is missing on data_in[8][0] relative to the rising and/or falling clock edge(s) of clk.
Related violations: <none>

TIMING-18#114 Warning
Missing input or output delay  
An input delay is missing on data_in[8][1] relative to the rising and/or falling clock edge(s) of clk.
Related violations: <none>

TIMING-18#115 Warning
Missing input or output delay  
An input delay is missing on data_in[8][2] relative to the rising and/or falling clock edge(s) of clk.
Related violations: <none>

TIMING-18#116 Warning
Missing input or output delay  
An input delay is missing on data_in[8][3] relative to the rising and/or falling clock edge(s) of clk.
Related violations: <none>

TIMING-18#117 Warning
Missing input or output delay  
An input delay is missing on data_in[8][4] relative to the rising and/or falling clock edge(s) of clk.
Related violations: <none>

TIMING-18#118 Warning
Missing input or output delay  
An input delay is missing on data_in[8][5] relative to the rising and/or falling clock edge(s) of clk.
Related violations: <none>

TIMING-18#119 Warning
Missing input or output delay  
An input delay is missing on data_in[8][6] relative to the rising and/or falling clock edge(s) of clk.
Related violations: <none>

TIMING-18#120 Warning
Missing input or output delay  
An input delay is missing on data_in[8][7] relative to the rising and/or falling clock edge(s) of clk.
Related violations: <none>

TIMING-18#121 Warning
Missing input or output delay  
An input delay is missing on data_in[9][0] relative to the rising and/or falling clock edge(s) of clk.
Related violations: <none>

TIMING-18#122 Warning
Missing input or output delay  
An input delay is missing on data_in[9][1] relative to the rising and/or falling clock edge(s) of clk.
Related violations: <none>

TIMING-18#123 Warning
Missing input or output delay  
An input delay is missing on data_in[9][2] relative to the rising and/or falling clock edge(s) of clk.
Related violations: <none>

TIMING-18#124 Warning
Missing input or output delay  
An input delay is missing on data_in[9][3] relative to the rising and/or falling clock edge(s) of clk.
Related violations: <none>

TIMING-18#125 Warning
Missing input or output delay  
An input delay is missing on data_in[9][4] relative to the rising and/or falling clock edge(s) of clk.
Related violations: <none>

TIMING-18#126 Warning
Missing input or output delay  
An input delay is missing on data_in[9][5] relative to the rising and/or falling clock edge(s) of clk.
Related violations: <none>

TIMING-18#127 Warning
Missing input or output delay  
An input delay is missing on data_in[9][6] relative to the rising and/or falling clock edge(s) of clk.
Related violations: <none>

TIMING-18#128 Warning
Missing input or output delay  
An input delay is missing on data_in[9][7] relative to the rising and/or falling clock edge(s) of clk.
Related violations: <none>

TIMING-18#129 Warning
Missing input or output delay  
An input delay is missing on ibuf_rd_addr[0] relative to the rising and/or falling clock edge(s) of clk.
Related violations: <none>

TIMING-18#130 Warning
Missing input or output delay  
An input delay is missing on ibuf_rd_addr[1] relative to the rising and/or falling clock edge(s) of clk.
Related violations: <none>

TIMING-18#131 Warning
Missing input or output delay  
An input delay is missing on ibuf_rd_addr[2] relative to the rising and/or falling clock edge(s) of clk.
Related violations: <none>

TIMING-18#132 Warning
Missing input or output delay  
An input delay is missing on ibuf_rd_addr[3] relative to the rising and/or falling clock edge(s) of clk.
Related violations: <none>

TIMING-18#133 Warning
Missing input or output delay  
An input delay is missing on ibuf_rd_addr[4] relative to the rising and/or falling clock edge(s) of clk.
Related violations: <none>

TIMING-18#134 Warning
Missing input or output delay  
An input delay is missing on ibuf_rd_addr[5] relative to the rising and/or falling clock edge(s) of clk.
Related violations: <none>

TIMING-18#135 Warning
Missing input or output delay  
An input delay is missing on ibuf_wr_addr[0] relative to the rising and/or falling clock edge(s) of clk.
Related violations: <none>

TIMING-18#136 Warning
Missing input or output delay  
An input delay is missing on ibuf_wr_addr[1] relative to the rising and/or falling clock edge(s) of clk.
Related violations: <none>

TIMING-18#137 Warning
Missing input or output delay  
An input delay is missing on ibuf_wr_addr[2] relative to the rising and/or falling clock edge(s) of clk.
Related violations: <none>

TIMING-18#138 Warning
Missing input or output delay  
An input delay is missing on ibuf_wr_addr[3] relative to the rising and/or falling clock edge(s) of clk.
Related violations: <none>

TIMING-18#139 Warning
Missing input or output delay  
An input delay is missing on ibuf_wr_addr[4] relative to the rising and/or falling clock edge(s) of clk.
Related violations: <none>

TIMING-18#140 Warning
Missing input or output delay  
An input delay is missing on ibuf_wr_addr[5] relative to the rising and/or falling clock edge(s) of clk.
Related violations: <none>

TIMING-18#141 Warning
Missing input or output delay  
An input delay is missing on ibuf_wr_data[0] relative to the rising and/or falling clock edge(s) of clk.
Related violations: <none>

TIMING-18#142 Warning
Missing input or output delay  
An input delay is missing on ibuf_wr_data[1] relative to the rising and/or falling clock edge(s) of clk.
Related violations: <none>

TIMING-18#143 Warning
Missing input or output delay  
An input delay is missing on ibuf_wr_data[2] relative to the rising and/or falling clock edge(s) of clk.
Related violations: <none>

TIMING-18#144 Warning
Missing input or output delay  
An input delay is missing on ibuf_wr_data[3] relative to the rising and/or falling clock edge(s) of clk.
Related violations: <none>

TIMING-18#145 Warning
Missing input or output delay  
An input delay is missing on ibuf_wr_data[4] relative to the rising and/or falling clock edge(s) of clk.
Related violations: <none>

TIMING-18#146 Warning
Missing input or output delay  
An input delay is missing on ibuf_wr_data[5] relative to the rising and/or falling clock edge(s) of clk.
Related violations: <none>

TIMING-18#147 Warning
Missing input or output delay  
An input delay is missing on ibuf_wr_data[6] relative to the rising and/or falling clock edge(s) of clk.
Related violations: <none>

TIMING-18#148 Warning
Missing input or output delay  
An input delay is missing on ibuf_wr_data[7] relative to the rising and/or falling clock edge(s) of clk.
Related violations: <none>

TIMING-18#149 Warning
Missing input or output delay  
An input delay is missing on ibuf_wr_en relative to the rising and/or falling clock edge(s) of clk.
Related violations: <none>

TIMING-18#150 Warning
Missing input or output delay  
An input delay is missing on rst_n relative to the rising and/or falling clock edge(s) of clk.
Related violations: <none>

TIMING-18#151 Warning
Missing input or output delay  
An input delay is missing on start relative to the rising and/or falling clock edge(s) of clk.
Related violations: <none>

TIMING-18#152 Warning
Missing input or output delay  
An input delay is missing on wbuf_rd_addr[0] relative to the rising and/or falling clock edge(s) of clk.
Related violations: <none>

TIMING-18#153 Warning
Missing input or output delay  
An input delay is missing on wbuf_rd_addr[1] relative to the rising and/or falling clock edge(s) of clk.
Related violations: <none>

TIMING-18#154 Warning
Missing input or output delay  
An input delay is missing on wbuf_rd_addr[2] relative to the rising and/or falling clock edge(s) of clk.
Related violations: <none>

TIMING-18#155 Warning
Missing input or output delay  
An input delay is missing on wbuf_rd_addr[3] relative to the rising and/or falling clock edge(s) of clk.
Related violations: <none>

TIMING-18#156 Warning
Missing input or output delay  
An input delay is missing on wbuf_rd_addr[4] relative to the rising and/or falling clock edge(s) of clk.
Related violations: <none>

TIMING-18#157 Warning
Missing input or output delay  
An input delay is missing on wbuf_rd_addr[5] relative to the rising and/or falling clock edge(s) of clk.
Related violations: <none>

TIMING-18#158 Warning
Missing input or output delay  
An input delay is missing on wbuf_wr_addr[0] relative to the rising and/or falling clock edge(s) of clk.
Related violations: <none>

TIMING-18#159 Warning
Missing input or output delay  
An input delay is missing on wbuf_wr_addr[1] relative to the rising and/or falling clock edge(s) of clk.
Related violations: <none>

TIMING-18#160 Warning
Missing input or output delay  
An input delay is missing on wbuf_wr_addr[2] relative to the rising and/or falling clock edge(s) of clk.
Related violations: <none>

TIMING-18#161 Warning
Missing input or output delay  
An input delay is missing on wbuf_wr_addr[3] relative to the rising and/or falling clock edge(s) of clk.
Related violations: <none>

TIMING-18#162 Warning
Missing input or output delay  
An input delay is missing on wbuf_wr_addr[4] relative to the rising and/or falling clock edge(s) of clk.
Related violations: <none>

TIMING-18#163 Warning
Missing input or output delay  
An input delay is missing on wbuf_wr_addr[5] relative to the rising and/or falling clock edge(s) of clk.
Related violations: <none>

TIMING-18#164 Warning
Missing input or output delay  
An input delay is missing on wbuf_wr_data[0] relative to the rising and/or falling clock edge(s) of clk.
Related violations: <none>

TIMING-18#165 Warning
Missing input or output delay  
An input delay is missing on wbuf_wr_data[1] relative to the rising and/or falling clock edge(s) of clk.
Related violations: <none>

TIMING-18#166 Warning
Missing input or output delay  
An input delay is missing on wbuf_wr_data[2] relative to the rising and/or falling clock edge(s) of clk.
Related violations: <none>

TIMING-18#167 Warning
Missing input or output delay  
An input delay is missing on wbuf_wr_data[3] relative to the rising and/or falling clock edge(s) of clk.
Related violations: <none>

TIMING-18#168 Warning
Missing input or output delay  
An input delay is missing on wbuf_wr_data[4] relative to the rising and/or falling clock edge(s) of clk.
Related violations: <none>

TIMING-18#169 Warning
Missing input or output delay  
An input delay is missing on wbuf_wr_data[5] relative to the rising and/or falling clock edge(s) of clk.
Related violations: <none>

TIMING-18#170 Warning
Missing input or output delay  
An input delay is missing on wbuf_wr_data[6] relative to the rising and/or falling clock edge(s) of clk.
Related violations: <none>

TIMING-18#171 Warning
Missing input or output delay  
An input delay is missing on wbuf_wr_data[7] relative to the rising and/or falling clock edge(s) of clk.
Related violations: <none>

TIMING-18#172 Warning
Missing input or output delay  
An input delay is missing on wbuf_wr_en relative to the rising and/or falling clock edge(s) of clk.
Related violations: <none>

TIMING-18#173 Warning
Missing input or output delay  
An input delay is missing on weight[0][0] relative to the rising and/or falling clock edge(s) of clk.
Related violations: <none>

TIMING-18#174 Warning
Missing input or output delay  
An input delay is missing on weight[0][1] relative to the rising and/or falling clock edge(s) of clk.
Related violations: <none>

TIMING-18#175 Warning
Missing input or output delay  
An input delay is missing on weight[0][2] relative to the rising and/or falling clock edge(s) of clk.
Related violations: <none>

TIMING-18#176 Warning
Missing input or output delay  
An input delay is missing on weight[0][3] relative to the rising and/or falling clock edge(s) of clk.
Related violations: <none>

TIMING-18#177 Warning
Missing input or output delay  
An input delay is missing on weight[0][4] relative to the rising and/or falling clock edge(s) of clk.
Related violations: <none>

TIMING-18#178 Warning
Missing input or output delay  
An input delay is missing on weight[0][5] relative to the rising and/or falling clock edge(s) of clk.
Related violations: <none>

TIMING-18#179 Warning
Missing input or output delay  
An input delay is missing on weight[0][6] relative to the rising and/or falling clock edge(s) of clk.
Related violations: <none>

TIMING-18#180 Warning
Missing input or output delay  
An input delay is missing on weight[0][7] relative to the rising and/or falling clock edge(s) of clk.
Related violations: <none>

TIMING-18#181 Warning
Missing input or output delay  
An input delay is missing on weight[10][0] relative to the rising and/or falling clock edge(s) of clk.
Related violations: <none>

TIMING-18#182 Warning
Missing input or output delay  
An input delay is missing on weight[10][1] relative to the rising and/or falling clock edge(s) of clk.
Related violations: <none>

TIMING-18#183 Warning
Missing input or output delay  
An input delay is missing on weight[10][2] relative to the rising and/or falling clock edge(s) of clk.
Related violations: <none>

TIMING-18#184 Warning
Missing input or output delay  
An input delay is missing on weight[10][3] relative to the rising and/or falling clock edge(s) of clk.
Related violations: <none>

TIMING-18#185 Warning
Missing input or output delay  
An input delay is missing on weight[10][4] relative to the rising and/or falling clock edge(s) of clk.
Related violations: <none>

TIMING-18#186 Warning
Missing input or output delay  
An input delay is missing on weight[10][5] relative to the rising and/or falling clock edge(s) of clk.
Related violations: <none>

TIMING-18#187 Warning
Missing input or output delay  
An input delay is missing on weight[10][6] relative to the rising and/or falling clock edge(s) of clk.
Related violations: <none>

TIMING-18#188 Warning
Missing input or output delay  
An input delay is missing on weight[10][7] relative to the rising and/or falling clock edge(s) of clk.
Related violations: <none>

TIMING-18#189 Warning
Missing input or output delay  
An input delay is missing on weight[11][0] relative to the rising and/or falling clock edge(s) of clk.
Related violations: <none>

TIMING-18#190 Warning
Missing input or output delay  
An input delay is missing on weight[11][1] relative to the rising and/or falling clock edge(s) of clk.
Related violations: <none>

TIMING-18#191 Warning
Missing input or output delay  
An input delay is missing on weight[11][2] relative to the rising and/or falling clock edge(s) of clk.
Related violations: <none>

TIMING-18#192 Warning
Missing input or output delay  
An input delay is missing on weight[11][3] relative to the rising and/or falling clock edge(s) of clk.
Related violations: <none>

TIMING-18#193 Warning
Missing input or output delay  
An input delay is missing on weight[11][4] relative to the rising and/or falling clock edge(s) of clk.
Related violations: <none>

TIMING-18#194 Warning
Missing input or output delay  
An input delay is missing on weight[11][5] relative to the rising and/or falling clock edge(s) of clk.
Related violations: <none>

TIMING-18#195 Warning
Missing input or output delay  
An input delay is missing on weight[11][6] relative to the rising and/or falling clock edge(s) of clk.
Related violations: <none>

TIMING-18#196 Warning
Missing input or output delay  
An input delay is missing on weight[11][7] relative to the rising and/or falling clock edge(s) of clk.
Related violations: <none>

TIMING-18#197 Warning
Missing input or output delay  
An input delay is missing on weight[12][0] relative to the rising and/or falling clock edge(s) of clk.
Related violations: <none>

TIMING-18#198 Warning
Missing input or output delay  
An input delay is missing on weight[12][1] relative to the rising and/or falling clock edge(s) of clk.
Related violations: <none>

TIMING-18#199 Warning
Missing input or output delay  
An input delay is missing on weight[12][2] relative to the rising and/or falling clock edge(s) of clk.
Related violations: <none>

TIMING-18#200 Warning
Missing input or output delay  
An input delay is missing on weight[12][3] relative to the rising and/or falling clock edge(s) of clk.
Related violations: <none>

TIMING-18#201 Warning
Missing input or output delay  
An input delay is missing on weight[12][4] relative to the rising and/or falling clock edge(s) of clk.
Related violations: <none>

TIMING-18#202 Warning
Missing input or output delay  
An input delay is missing on weight[12][5] relative to the rising and/or falling clock edge(s) of clk.
Related violations: <none>

TIMING-18#203 Warning
Missing input or output delay  
An input delay is missing on weight[12][6] relative to the rising and/or falling clock edge(s) of clk.
Related violations: <none>

TIMING-18#204 Warning
Missing input or output delay  
An input delay is missing on weight[12][7] relative to the rising and/or falling clock edge(s) of clk.
Related violations: <none>

TIMING-18#205 Warning
Missing input or output delay  
An input delay is missing on weight[13][0] relative to the rising and/or falling clock edge(s) of clk.
Related violations: <none>

TIMING-18#206 Warning
Missing input or output delay  
An input delay is missing on weight[13][1] relative to the rising and/or falling clock edge(s) of clk.
Related violations: <none>

TIMING-18#207 Warning
Missing input or output delay  
An input delay is missing on weight[13][2] relative to the rising and/or falling clock edge(s) of clk.
Related violations: <none>

TIMING-18#208 Warning
Missing input or output delay  
An input delay is missing on weight[13][3] relative to the rising and/or falling clock edge(s) of clk.
Related violations: <none>

TIMING-18#209 Warning
Missing input or output delay  
An input delay is missing on weight[13][4] relative to the rising and/or falling clock edge(s) of clk.
Related violations: <none>

TIMING-18#210 Warning
Missing input or output delay  
An input delay is missing on weight[13][5] relative to the rising and/or falling clock edge(s) of clk.
Related violations: <none>

TIMING-18#211 Warning
Missing input or output delay  
An input delay is missing on weight[13][6] relative to the rising and/or falling clock edge(s) of clk.
Related violations: <none>

TIMING-18#212 Warning
Missing input or output delay  
An input delay is missing on weight[13][7] relative to the rising and/or falling clock edge(s) of clk.
Related violations: <none>

TIMING-18#213 Warning
Missing input or output delay  
An input delay is missing on weight[14][0] relative to the rising and/or falling clock edge(s) of clk.
Related violations: <none>

TIMING-18#214 Warning
Missing input or output delay  
An input delay is missing on weight[14][1] relative to the rising and/or falling clock edge(s) of clk.
Related violations: <none>

TIMING-18#215 Warning
Missing input or output delay  
An input delay is missing on weight[14][2] relative to the rising and/or falling clock edge(s) of clk.
Related violations: <none>

TIMING-18#216 Warning
Missing input or output delay  
An input delay is missing on weight[14][3] relative to the rising and/or falling clock edge(s) of clk.
Related violations: <none>

TIMING-18#217 Warning
Missing input or output delay  
An input delay is missing on weight[14][4] relative to the rising and/or falling clock edge(s) of clk.
Related violations: <none>

TIMING-18#218 Warning
Missing input or output delay  
An input delay is missing on weight[14][5] relative to the rising and/or falling clock edge(s) of clk.
Related violations: <none>

TIMING-18#219 Warning
Missing input or output delay  
An input delay is missing on weight[14][6] relative to the rising and/or falling clock edge(s) of clk.
Related violations: <none>

TIMING-18#220 Warning
Missing input or output delay  
An input delay is missing on weight[14][7] relative to the rising and/or falling clock edge(s) of clk.
Related violations: <none>

TIMING-18#221 Warning
Missing input or output delay  
An input delay is missing on weight[15][0] relative to the rising and/or falling clock edge(s) of clk.
Related violations: <none>

TIMING-18#222 Warning
Missing input or output delay  
An input delay is missing on weight[15][1] relative to the rising and/or falling clock edge(s) of clk.
Related violations: <none>

TIMING-18#223 Warning
Missing input or output delay  
An input delay is missing on weight[15][2] relative to the rising and/or falling clock edge(s) of clk.
Related violations: <none>

TIMING-18#224 Warning
Missing input or output delay  
An input delay is missing on weight[15][3] relative to the rising and/or falling clock edge(s) of clk.
Related violations: <none>

TIMING-18#225 Warning
Missing input or output delay  
An input delay is missing on weight[15][4] relative to the rising and/or falling clock edge(s) of clk.
Related violations: <none>

TIMING-18#226 Warning
Missing input or output delay  
An input delay is missing on weight[15][5] relative to the rising and/or falling clock edge(s) of clk.
Related violations: <none>

TIMING-18#227 Warning
Missing input or output delay  
An input delay is missing on weight[15][6] relative to the rising and/or falling clock edge(s) of clk.
Related violations: <none>

TIMING-18#228 Warning
Missing input or output delay  
An input delay is missing on weight[15][7] relative to the rising and/or falling clock edge(s) of clk.
Related violations: <none>

TIMING-18#229 Warning
Missing input or output delay  
An input delay is missing on weight[1][0] relative to the rising and/or falling clock edge(s) of clk.
Related violations: <none>

TIMING-18#230 Warning
Missing input or output delay  
An input delay is missing on weight[1][1] relative to the rising and/or falling clock edge(s) of clk.
Related violations: <none>

TIMING-18#231 Warning
Missing input or output delay  
An input delay is missing on weight[1][2] relative to the rising and/or falling clock edge(s) of clk.
Related violations: <none>

TIMING-18#232 Warning
Missing input or output delay  
An input delay is missing on weight[1][3] relative to the rising and/or falling clock edge(s) of clk.
Related violations: <none>

TIMING-18#233 Warning
Missing input or output delay  
An input delay is missing on weight[1][4] relative to the rising and/or falling clock edge(s) of clk.
Related violations: <none>

TIMING-18#234 Warning
Missing input or output delay  
An input delay is missing on weight[1][5] relative to the rising and/or falling clock edge(s) of clk.
Related violations: <none>

TIMING-18#235 Warning
Missing input or output delay  
An input delay is missing on weight[1][6] relative to the rising and/or falling clock edge(s) of clk.
Related violations: <none>

TIMING-18#236 Warning
Missing input or output delay  
An input delay is missing on weight[1][7] relative to the rising and/or falling clock edge(s) of clk.
Related violations: <none>

TIMING-18#237 Warning
Missing input or output delay  
An input delay is missing on weight[2][0] relative to the rising and/or falling clock edge(s) of clk.
Related violations: <none>

TIMING-18#238 Warning
Missing input or output delay  
An input delay is missing on weight[2][1] relative to the rising and/or falling clock edge(s) of clk.
Related violations: <none>

TIMING-18#239 Warning
Missing input or output delay  
An input delay is missing on weight[2][2] relative to the rising and/or falling clock edge(s) of clk.
Related violations: <none>

TIMING-18#240 Warning
Missing input or output delay  
An input delay is missing on weight[2][3] relative to the rising and/or falling clock edge(s) of clk.
Related violations: <none>

TIMING-18#241 Warning
Missing input or output delay  
An input delay is missing on weight[2][4] relative to the rising and/or falling clock edge(s) of clk.
Related violations: <none>

TIMING-18#242 Warning
Missing input or output delay  
An input delay is missing on weight[2][5] relative to the rising and/or falling clock edge(s) of clk.
Related violations: <none>

TIMING-18#243 Warning
Missing input or output delay  
An input delay is missing on weight[2][6] relative to the rising and/or falling clock edge(s) of clk.
Related violations: <none>

TIMING-18#244 Warning
Missing input or output delay  
An input delay is missing on weight[2][7] relative to the rising and/or falling clock edge(s) of clk.
Related violations: <none>

TIMING-18#245 Warning
Missing input or output delay  
An input delay is missing on weight[3][0] relative to the rising and/or falling clock edge(s) of clk.
Related violations: <none>

TIMING-18#246 Warning
Missing input or output delay  
An input delay is missing on weight[3][1] relative to the rising and/or falling clock edge(s) of clk.
Related violations: <none>

TIMING-18#247 Warning
Missing input or output delay  
An input delay is missing on weight[3][2] relative to the rising and/or falling clock edge(s) of clk.
Related violations: <none>

TIMING-18#248 Warning
Missing input or output delay  
An input delay is missing on weight[3][3] relative to the rising and/or falling clock edge(s) of clk.
Related violations: <none>

TIMING-18#249 Warning
Missing input or output delay  
An input delay is missing on weight[3][4] relative to the rising and/or falling clock edge(s) of clk.
Related violations: <none>

TIMING-18#250 Warning
Missing input or output delay  
An input delay is missing on weight[3][5] relative to the rising and/or falling clock edge(s) of clk.
Related violations: <none>

TIMING-18#251 Warning
Missing input or output delay  
An input delay is missing on weight[3][6] relative to the rising and/or falling clock edge(s) of clk.
Related violations: <none>

TIMING-18#252 Warning
Missing input or output delay  
An input delay is missing on weight[3][7] relative to the rising and/or falling clock edge(s) of clk.
Related violations: <none>

TIMING-18#253 Warning
Missing input or output delay  
An input delay is missing on weight[4][0] relative to the rising and/or falling clock edge(s) of clk.
Related violations: <none>

TIMING-18#254 Warning
Missing input or output delay  
An input delay is missing on weight[4][1] relative to the rising and/or falling clock edge(s) of clk.
Related violations: <none>

TIMING-18#255 Warning
Missing input or output delay  
An input delay is missing on weight[4][2] relative to the rising and/or falling clock edge(s) of clk.
Related violations: <none>

TIMING-18#256 Warning
Missing input or output delay  
An input delay is missing on weight[4][3] relative to the rising and/or falling clock edge(s) of clk.
Related violations: <none>

TIMING-18#257 Warning
Missing input or output delay  
An input delay is missing on weight[4][4] relative to the rising and/or falling clock edge(s) of clk.
Related violations: <none>

TIMING-18#258 Warning
Missing input or output delay  
An input delay is missing on weight[4][5] relative to the rising and/or falling clock edge(s) of clk.
Related violations: <none>

TIMING-18#259 Warning
Missing input or output delay  
An input delay is missing on weight[4][6] relative to the rising and/or falling clock edge(s) of clk.
Related violations: <none>

TIMING-18#260 Warning
Missing input or output delay  
An input delay is missing on weight[4][7] relative to the rising and/or falling clock edge(s) of clk.
Related violations: <none>

TIMING-18#261 Warning
Missing input or output delay  
An input delay is missing on weight[5][0] relative to the rising and/or falling clock edge(s) of clk.
Related violations: <none>

TIMING-18#262 Warning
Missing input or output delay  
An input delay is missing on weight[5][1] relative to the rising and/or falling clock edge(s) of clk.
Related violations: <none>

TIMING-18#263 Warning
Missing input or output delay  
An input delay is missing on weight[5][2] relative to the rising and/or falling clock edge(s) of clk.
Related violations: <none>

TIMING-18#264 Warning
Missing input or output delay  
An input delay is missing on weight[5][3] relative to the rising and/or falling clock edge(s) of clk.
Related violations: <none>

TIMING-18#265 Warning
Missing input or output delay  
An input delay is missing on weight[5][4] relative to the rising and/or falling clock edge(s) of clk.
Related violations: <none>

TIMING-18#266 Warning
Missing input or output delay  
An input delay is missing on weight[5][5] relative to the rising and/or falling clock edge(s) of clk.
Related violations: <none>

TIMING-18#267 Warning
Missing input or output delay  
An input delay is missing on weight[5][6] relative to the rising and/or falling clock edge(s) of clk.
Related violations: <none>

TIMING-18#268 Warning
Missing input or output delay  
An input delay is missing on weight[5][7] relative to the rising and/or falling clock edge(s) of clk.
Related violations: <none>

TIMING-18#269 Warning
Missing input or output delay  
An input delay is missing on weight[6][0] relative to the rising and/or falling clock edge(s) of clk.
Related violations: <none>

TIMING-18#270 Warning
Missing input or output delay  
An input delay is missing on weight[6][1] relative to the rising and/or falling clock edge(s) of clk.
Related violations: <none>

TIMING-18#271 Warning
Missing input or output delay  
An input delay is missing on weight[6][2] relative to the rising and/or falling clock edge(s) of clk.
Related violations: <none>

TIMING-18#272 Warning
Missing input or output delay  
An input delay is missing on weight[6][3] relative to the rising and/or falling clock edge(s) of clk.
Related violations: <none>

TIMING-18#273 Warning
Missing input or output delay  
An input delay is missing on weight[6][4] relative to the rising and/or falling clock edge(s) of clk.
Related violations: <none>

TIMING-18#274 Warning
Missing input or output delay  
An input delay is missing on weight[6][5] relative to the rising and/or falling clock edge(s) of clk.
Related violations: <none>

TIMING-18#275 Warning
Missing input or output delay  
An input delay is missing on weight[6][6] relative to the rising and/or falling clock edge(s) of clk.
Related violations: <none>

TIMING-18#276 Warning
Missing input or output delay  
An input delay is missing on weight[6][7] relative to the rising and/or falling clock edge(s) of clk.
Related violations: <none>

TIMING-18#277 Warning
Missing input or output delay  
An input delay is missing on weight[7][0] relative to the rising and/or falling clock edge(s) of clk.
Related violations: <none>

TIMING-18#278 Warning
Missing input or output delay  
An input delay is missing on weight[7][1] relative to the rising and/or falling clock edge(s) of clk.
Related violations: <none>

TIMING-18#279 Warning
Missing input or output delay  
An input delay is missing on weight[7][2] relative to the rising and/or falling clock edge(s) of clk.
Related violations: <none>

TIMING-18#280 Warning
Missing input or output delay  
An input delay is missing on weight[7][3] relative to the rising and/or falling clock edge(s) of clk.
Related violations: <none>

TIMING-18#281 Warning
Missing input or output delay  
An input delay is missing on weight[7][4] relative to the rising and/or falling clock edge(s) of clk.
Related violations: <none>

TIMING-18#282 Warning
Missing input or output delay  
An input delay is missing on weight[7][5] relative to the rising and/or falling clock edge(s) of clk.
Related violations: <none>

TIMING-18#283 Warning
Missing input or output delay  
An input delay is missing on weight[7][6] relative to the rising and/or falling clock edge(s) of clk.
Related violations: <none>

TIMING-18#284 Warning
Missing input or output delay  
An input delay is missing on weight[7][7] relative to the rising and/or falling clock edge(s) of clk.
Related violations: <none>

TIMING-18#285 Warning
Missing input or output delay  
An input delay is missing on weight[8][0] relative to the rising and/or falling clock edge(s) of clk.
Related violations: <none>

TIMING-18#286 Warning
Missing input or output delay  
An input delay is missing on weight[8][1] relative to the rising and/or falling clock edge(s) of clk.
Related violations: <none>

TIMING-18#287 Warning
Missing input or output delay  
An input delay is missing on weight[8][2] relative to the rising and/or falling clock edge(s) of clk.
Related violations: <none>

TIMING-18#288 Warning
Missing input or output delay  
An input delay is missing on weight[8][3] relative to the rising and/or falling clock edge(s) of clk.
Related violations: <none>

TIMING-18#289 Warning
Missing input or output delay  
An input delay is missing on weight[8][4] relative to the rising and/or falling clock edge(s) of clk.
Related violations: <none>

TIMING-18#290 Warning
Missing input or output delay  
An input delay is missing on weight[8][5] relative to the rising and/or falling clock edge(s) of clk.
Related violations: <none>

TIMING-18#291 Warning
Missing input or output delay  
An input delay is missing on weight[8][6] relative to the rising and/or falling clock edge(s) of clk.
Related violations: <none>

TIMING-18#292 Warning
Missing input or output delay  
An input delay is missing on weight[8][7] relative to the rising and/or falling clock edge(s) of clk.
Related violations: <none>

TIMING-18#293 Warning
Missing input or output delay  
An input delay is missing on weight[9][0] relative to the rising and/or falling clock edge(s) of clk.
Related violations: <none>

TIMING-18#294 Warning
Missing input or output delay  
An input delay is missing on weight[9][1] relative to the rising and/or falling clock edge(s) of clk.
Related violations: <none>

TIMING-18#295 Warning
Missing input or output delay  
An input delay is missing on weight[9][2] relative to the rising and/or falling clock edge(s) of clk.
Related violations: <none>

TIMING-18#296 Warning
Missing input or output delay  
An input delay is missing on weight[9][3] relative to the rising and/or falling clock edge(s) of clk.
Related violations: <none>

TIMING-18#297 Warning
Missing input or output delay  
An input delay is missing on weight[9][4] relative to the rising and/or falling clock edge(s) of clk.
Related violations: <none>

TIMING-18#298 Warning
Missing input or output delay  
An input delay is missing on weight[9][5] relative to the rising and/or falling clock edge(s) of clk.
Related violations: <none>

TIMING-18#299 Warning
Missing input or output delay  
An input delay is missing on weight[9][6] relative to the rising and/or falling clock edge(s) of clk.
Related violations: <none>

TIMING-18#300 Warning
Missing input or output delay  
An input delay is missing on weight[9][7] relative to the rising and/or falling clock edge(s) of clk.
Related violations: <none>

TIMING-18#301 Warning
Missing input or output delay  
An input delay is missing on workload_size[0] relative to the rising and/or falling clock edge(s) of clk.
Related violations: <none>

TIMING-18#302 Warning
Missing input or output delay  
An input delay is missing on workload_size[10] relative to the rising and/or falling clock edge(s) of clk.
Related violations: <none>

TIMING-18#303 Warning
Missing input or output delay  
An input delay is missing on workload_size[11] relative to the rising and/or falling clock edge(s) of clk.
Related violations: <none>

TIMING-18#304 Warning
Missing input or output delay  
An input delay is missing on workload_size[12] relative to the rising and/or falling clock edge(s) of clk.
Related violations: <none>

TIMING-18#305 Warning
Missing input or output delay  
An input delay is missing on workload_size[13] relative to the rising and/or falling clock edge(s) of clk.
Related violations: <none>

TIMING-18#306 Warning
Missing input or output delay  
An input delay is missing on workload_size[14] relative to the rising and/or falling clock edge(s) of clk.
Related violations: <none>

TIMING-18#307 Warning
Missing input or output delay  
An input delay is missing on workload_size[15] relative to the rising and/or falling clock edge(s) of clk.
Related violations: <none>

TIMING-18#308 Warning
Missing input or output delay  
An input delay is missing on workload_size[1] relative to the rising and/or falling clock edge(s) of clk.
Related violations: <none>

TIMING-18#309 Warning
Missing input or output delay  
An input delay is missing on workload_size[2] relative to the rising and/or falling clock edge(s) of clk.
Related violations: <none>

TIMING-18#310 Warning
Missing input or output delay  
An input delay is missing on workload_size[3] relative to the rising and/or falling clock edge(s) of clk.
Related violations: <none>

TIMING-18#311 Warning
Missing input or output delay  
An input delay is missing on workload_size[4] relative to the rising and/or falling clock edge(s) of clk.
Related violations: <none>

TIMING-18#312 Warning
Missing input or output delay  
An input delay is missing on workload_size[5] relative to the rising and/or falling clock edge(s) of clk.
Related violations: <none>

TIMING-18#313 Warning
Missing input or output delay  
An input delay is missing on workload_size[6] relative to the rising and/or falling clock edge(s) of clk.
Related violations: <none>

TIMING-18#314 Warning
Missing input or output delay  
An input delay is missing on workload_size[7] relative to the rising and/or falling clock edge(s) of clk.
Related violations: <none>

TIMING-18#315 Warning
Missing input or output delay  
An input delay is missing on workload_size[8] relative to the rising and/or falling clock edge(s) of clk.
Related violations: <none>

TIMING-18#316 Warning
Missing input or output delay  
An input delay is missing on workload_size[9] relative to the rising and/or falling clock edge(s) of clk.
Related violations: <none>

TIMING-18#317 Warning
Missing input or output delay  
An output delay is missing on accumulated_out[0] relative to the rising and/or falling clock edge(s) of clk.
Related violations: <none>

TIMING-18#318 Warning
Missing input or output delay  
An output delay is missing on accumulated_out[10] relative to the rising and/or falling clock edge(s) of clk.
Related violations: <none>

TIMING-18#319 Warning
Missing input or output delay  
An output delay is missing on accumulated_out[11] relative to the rising and/or falling clock edge(s) of clk.
Related violations: <none>

TIMING-18#320 Warning
Missing input or output delay  
An output delay is missing on accumulated_out[12] relative to the rising and/or falling clock edge(s) of clk.
Related violations: <none>

TIMING-18#321 Warning
Missing input or output delay  
An output delay is missing on accumulated_out[13] relative to the rising and/or falling clock edge(s) of clk.
Related violations: <none>

TIMING-18#322 Warning
Missing input or output delay  
An output delay is missing on accumulated_out[14] relative to the rising and/or falling clock edge(s) of clk.
Related violations: <none>

TIMING-18#323 Warning
Missing input or output delay  
An output delay is missing on accumulated_out[15] relative to the rising and/or falling clock edge(s) of clk.
Related violations: <none>

TIMING-18#324 Warning
Missing input or output delay  
An output delay is missing on accumulated_out[16] relative to the rising and/or falling clock edge(s) of clk.
Related violations: <none>

TIMING-18#325 Warning
Missing input or output delay  
An output delay is missing on accumulated_out[17] relative to the rising and/or falling clock edge(s) of clk.
Related violations: <none>

TIMING-18#326 Warning
Missing input or output delay  
An output delay is missing on accumulated_out[18] relative to the rising and/or falling clock edge(s) of clk.
Related violations: <none>

TIMING-18#327 Warning
Missing input or output delay  
An output delay is missing on accumulated_out[19] relative to the rising and/or falling clock edge(s) of clk.
Related violations: <none>

TIMING-18#328 Warning
Missing input or output delay  
An output delay is missing on accumulated_out[1] relative to the rising and/or falling clock edge(s) of clk.
Related violations: <none>

TIMING-18#329 Warning
Missing input or output delay  
An output delay is missing on accumulated_out[20] relative to the rising and/or falling clock edge(s) of clk.
Related violations: <none>

TIMING-18#330 Warning
Missing input or output delay  
An output delay is missing on accumulated_out[21] relative to the rising and/or falling clock edge(s) of clk.
Related violations: <none>

TIMING-18#331 Warning
Missing input or output delay  
An output delay is missing on accumulated_out[22] relative to the rising and/or falling clock edge(s) of clk.
Related violations: <none>

TIMING-18#332 Warning
Missing input or output delay  
An output delay is missing on accumulated_out[23] relative to the rising and/or falling clock edge(s) of clk.
Related violations: <none>

TIMING-18#333 Warning
Missing input or output delay  
An output delay is missing on accumulated_out[24] relative to the rising and/or falling clock edge(s) of clk.
Related violations: <none>

TIMING-18#334 Warning
Missing input or output delay  
An output delay is missing on accumulated_out[25] relative to the rising and/or falling clock edge(s) of clk.
Related violations: <none>

TIMING-18#335 Warning
Missing input or output delay  
An output delay is missing on accumulated_out[26] relative to the rising and/or falling clock edge(s) of clk.
Related violations: <none>

TIMING-18#336 Warning
Missing input or output delay  
An output delay is missing on accumulated_out[27] relative to the rising and/or falling clock edge(s) of clk.
Related violations: <none>

TIMING-18#337 Warning
Missing input or output delay  
An output delay is missing on accumulated_out[28] relative to the rising and/or falling clock edge(s) of clk.
Related violations: <none>

TIMING-18#338 Warning
Missing input or output delay  
An output delay is missing on accumulated_out[29] relative to the rising and/or falling clock edge(s) of clk.
Related violations: <none>

TIMING-18#339 Warning
Missing input or output delay  
An output delay is missing on accumulated_out[2] relative to the rising and/or falling clock edge(s) of clk.
Related violations: <none>

TIMING-18#340 Warning
Missing input or output delay  
An output delay is missing on accumulated_out[30] relative to the rising and/or falling clock edge(s) of clk.
Related violations: <none>

TIMING-18#341 Warning
Missing input or output delay  
An output delay is missing on accumulated_out[31] relative to the rising and/or falling clock edge(s) of clk.
Related violations: <none>

TIMING-18#342 Warning
Missing input or output delay  
An output delay is missing on accumulated_out[3] relative to the rising and/or falling clock edge(s) of clk.
Related violations: <none>

TIMING-18#343 Warning
Missing input or output delay  
An output delay is missing on accumulated_out[4] relative to the rising and/or falling clock edge(s) of clk.
Related violations: <none>

TIMING-18#344 Warning
Missing input or output delay  
An output delay is missing on accumulated_out[5] relative to the rising and/or falling clock edge(s) of clk.
Related violations: <none>

TIMING-18#345 Warning
Missing input or output delay  
An output delay is missing on accumulated_out[6] relative to the rising and/or falling clock edge(s) of clk.
Related violations: <none>

TIMING-18#346 Warning
Missing input or output delay  
An output delay is missing on accumulated_out[7] relative to the rising and/or falling clock edge(s) of clk.
Related violations: <none>

TIMING-18#347 Warning
Missing input or output delay  
An output delay is missing on accumulated_out[8] relative to the rising and/or falling clock edge(s) of clk.
Related violations: <none>

TIMING-18#348 Warning
Missing input or output delay  
An output delay is missing on accumulated_out[9] relative to the rising and/or falling clock edge(s) of clk.
Related violations: <none>

TIMING-18#349 Warning
Missing input or output delay  
An output delay is missing on active_core[0] relative to the rising and/or falling clock edge(s) of clk.
Related violations: <none>

TIMING-18#350 Warning
Missing input or output delay  
An output delay is missing on active_core[1] relative to the rising and/or falling clock edge(s) of clk.
Related violations: <none>

TIMING-18#351 Warning
Missing input or output delay  
An output delay is missing on analyzer_capacity[0] relative to the rising and/or falling clock edge(s) of clk.
Related violations: <none>

TIMING-18#352 Warning
Missing input or output delay  
An output delay is missing on analyzer_capacity[1] relative to the rising and/or falling clock edge(s) of clk.
Related violations: <none>

TIMING-18#353 Warning
Missing input or output delay  
An output delay is missing on analyzer_capacity[2] relative to the rising and/or falling clock edge(s) of clk.
Related violations: <none>

TIMING-18#354 Warning
Missing input or output delay  
An output delay is missing on analyzer_capacity[3] relative to the rising and/or falling clock edge(s) of clk.
Related violations: <none>

TIMING-18#355 Warning
Missing input or output delay  
An output delay is missing on analyzer_capacity[4] relative to the rising and/or falling clock edge(s) of clk.
Related violations: <none>

TIMING-18#356 Warning
Missing input or output delay  
An output delay is missing on analyzer_remainder[0] relative to the rising and/or falling clock edge(s) of clk.
Related violations: <none>

TIMING-18#357 Warning
Missing input or output delay  
An output delay is missing on analyzer_remainder[10] relative to the rising and/or falling clock edge(s) of clk.
Related violations: <none>

TIMING-18#358 Warning
Missing input or output delay  
An output delay is missing on analyzer_remainder[11] relative to the rising and/or falling clock edge(s) of clk.
Related violations: <none>

TIMING-18#359 Warning
Missing input or output delay  
An output delay is missing on analyzer_remainder[12] relative to the rising and/or falling clock edge(s) of clk.
Related violations: <none>

TIMING-18#360 Warning
Missing input or output delay  
An output delay is missing on analyzer_remainder[13] relative to the rising and/or falling clock edge(s) of clk.
Related violations: <none>

TIMING-18#361 Warning
Missing input or output delay  
An output delay is missing on analyzer_remainder[14] relative to the rising and/or falling clock edge(s) of clk.
Related violations: <none>

TIMING-18#362 Warning
Missing input or output delay  
An output delay is missing on analyzer_remainder[15] relative to the rising and/or falling clock edge(s) of clk.
Related violations: <none>

TIMING-18#363 Warning
Missing input or output delay  
An output delay is missing on analyzer_remainder[1] relative to the rising and/or falling clock edge(s) of clk.
Related violations: <none>

TIMING-18#364 Warning
Missing input or output delay  
An output delay is missing on analyzer_remainder[2] relative to the rising and/or falling clock edge(s) of clk.
Related violations: <none>

TIMING-18#365 Warning
Missing input or output delay  
An output delay is missing on analyzer_remainder[3] relative to the rising and/or falling clock edge(s) of clk.
Related violations: <none>

TIMING-18#366 Warning
Missing input or output delay  
An output delay is missing on analyzer_remainder[4] relative to the rising and/or falling clock edge(s) of clk.
Related violations: <none>

TIMING-18#367 Warning
Missing input or output delay  
An output delay is missing on analyzer_remainder[5] relative to the rising and/or falling clock edge(s) of clk.
Related violations: <none>

TIMING-18#368 Warning
Missing input or output delay  
An output delay is missing on analyzer_remainder[6] relative to the rising and/or falling clock edge(s) of clk.
Related violations: <none>

TIMING-18#369 Warning
Missing input or output delay  
An output delay is missing on analyzer_remainder[7] relative to the rising and/or falling clock edge(s) of clk.
Related violations: <none>

TIMING-18#370 Warning
Missing input or output delay  
An output delay is missing on analyzer_remainder[8] relative to the rising and/or falling clock edge(s) of clk.
Related violations: <none>

TIMING-18#371 Warning
Missing input or output delay  
An output delay is missing on analyzer_remainder[9] relative to the rising and/or falling clock edge(s) of clk.
Related violations: <none>

TIMING-18#372 Warning
Missing input or output delay  
An output delay is missing on analyzer_valid relative to the rising and/or falling clock edge(s) of clk.
Related violations: <none>

TIMING-18#373 Warning
Missing input or output delay  
An output delay is missing on busy relative to the rising and/or falling clock edge(s) of clk.
Related violations: <none>

TIMING-18#374 Warning
Missing input or output delay  
An output delay is missing on done relative to the rising and/or falling clock edge(s) of clk.
Related violations: <none>

TIMING-18#375 Warning
Missing input or output delay  
An output delay is missing on ibuf_rd_data[0] relative to the rising and/or falling clock edge(s) of clk.
Related violations: <none>

TIMING-18#376 Warning
Missing input or output delay  
An output delay is missing on ibuf_rd_data[1] relative to the rising and/or falling clock edge(s) of clk.
Related violations: <none>

TIMING-18#377 Warning
Missing input or output delay  
An output delay is missing on ibuf_rd_data[2] relative to the rising and/or falling clock edge(s) of clk.
Related violations: <none>

TIMING-18#378 Warning
Missing input or output delay  
An output delay is missing on ibuf_rd_data[3] relative to the rising and/or falling clock edge(s) of clk.
Related violations: <none>

TIMING-18#379 Warning
Missing input or output delay  
An output delay is missing on ibuf_rd_data[4] relative to the rising and/or falling clock edge(s) of clk.
Related violations: <none>

TIMING-18#380 Warning
Missing input or output delay  
An output delay is missing on ibuf_rd_data[5] relative to the rising and/or falling clock edge(s) of clk.
Related violations: <none>

TIMING-18#381 Warning
Missing input or output delay  
An output delay is missing on ibuf_rd_data[6] relative to the rising and/or falling clock edge(s) of clk.
Related violations: <none>

TIMING-18#382 Warning
Missing input or output delay  
An output delay is missing on ibuf_rd_data[7] relative to the rising and/or falling clock edge(s) of clk.
Related violations: <none>

TIMING-18#383 Warning
Missing input or output delay  
An output delay is missing on output_data[0] relative to the rising and/or falling clock edge(s) of clk.
Related violations: <none>

TIMING-18#384 Warning
Missing input or output delay  
An output delay is missing on output_data[10] relative to the rising and/or falling clock edge(s) of clk.
Related violations: <none>

TIMING-18#385 Warning
Missing input or output delay  
An output delay is missing on output_data[11] relative to the rising and/or falling clock edge(s) of clk.
Related violations: <none>

TIMING-18#386 Warning
Missing input or output delay  
An output delay is missing on output_data[12] relative to the rising and/or falling clock edge(s) of clk.
Related violations: <none>

TIMING-18#387 Warning
Missing input or output delay  
An output delay is missing on output_data[13] relative to the rising and/or falling clock edge(s) of clk.
Related violations: <none>

TIMING-18#388 Warning
Missing input or output delay  
An output delay is missing on output_data[14] relative to the rising and/or falling clock edge(s) of clk.
Related violations: <none>

TIMING-18#389 Warning
Missing input or output delay  
An output delay is missing on output_data[15] relative to the rising and/or falling clock edge(s) of clk.
Related violations: <none>

TIMING-18#390 Warning
Missing input or output delay  
An output delay is missing on output_data[16] relative to the rising and/or falling clock edge(s) of clk.
Related violations: <none>

TIMING-18#391 Warning
Missing input or output delay  
An output delay is missing on output_data[17] relative to the rising and/or falling clock edge(s) of clk.
Related violations: <none>

TIMING-18#392 Warning
Missing input or output delay  
An output delay is missing on output_data[18] relative to the rising and/or falling clock edge(s) of clk.
Related violations: <none>

TIMING-18#393 Warning
Missing input or output delay  
An output delay is missing on output_data[19] relative to the rising and/or falling clock edge(s) of clk.
Related violations: <none>

TIMING-18#394 Warning
Missing input or output delay  
An output delay is missing on output_data[1] relative to the rising and/or falling clock edge(s) of clk.
Related violations: <none>

TIMING-18#395 Warning
Missing input or output delay  
An output delay is missing on output_data[20] relative to the rising and/or falling clock edge(s) of clk.
Related violations: <none>

TIMING-18#396 Warning
Missing input or output delay  
An output delay is missing on output_data[21] relative to the rising and/or falling clock edge(s) of clk.
Related violations: <none>

TIMING-18#397 Warning
Missing input or output delay  
An output delay is missing on output_data[22] relative to the rising and/or falling clock edge(s) of clk.
Related violations: <none>

TIMING-18#398 Warning
Missing input or output delay  
An output delay is missing on output_data[23] relative to the rising and/or falling clock edge(s) of clk.
Related violations: <none>

TIMING-18#399 Warning
Missing input or output delay  
An output delay is missing on output_data[24] relative to the rising and/or falling clock edge(s) of clk.
Related violations: <none>

TIMING-18#400 Warning
Missing input or output delay  
An output delay is missing on output_data[25] relative to the rising and/or falling clock edge(s) of clk.
Related violations: <none>

TIMING-18#401 Warning
Missing input or output delay  
An output delay is missing on output_data[26] relative to the rising and/or falling clock edge(s) of clk.
Related violations: <none>

TIMING-18#402 Warning
Missing input or output delay  
An output delay is missing on output_data[27] relative to the rising and/or falling clock edge(s) of clk.
Related violations: <none>

TIMING-18#403 Warning
Missing input or output delay  
An output delay is missing on output_data[28] relative to the rising and/or falling clock edge(s) of clk.
Related violations: <none>

TIMING-18#404 Warning
Missing input or output delay  
An output delay is missing on output_data[29] relative to the rising and/or falling clock edge(s) of clk.
Related violations: <none>

TIMING-18#405 Warning
Missing input or output delay  
An output delay is missing on output_data[2] relative to the rising and/or falling clock edge(s) of clk.
Related violations: <none>

TIMING-18#406 Warning
Missing input or output delay  
An output delay is missing on output_data[30] relative to the rising and/or falling clock edge(s) of clk.
Related violations: <none>

TIMING-18#407 Warning
Missing input or output delay  
An output delay is missing on output_data[31] relative to the rising and/or falling clock edge(s) of clk.
Related violations: <none>

TIMING-18#408 Warning
Missing input or output delay  
An output delay is missing on output_data[3] relative to the rising and/or falling clock edge(s) of clk.
Related violations: <none>

TIMING-18#409 Warning
Missing input or output delay  
An output delay is missing on output_data[4] relative to the rising and/or falling clock edge(s) of clk.
Related violations: <none>

TIMING-18#410 Warning
Missing input or output delay  
An output delay is missing on output_data[5] relative to the rising and/or falling clock edge(s) of clk.
Related violations: <none>

TIMING-18#411 Warning
Missing input or output delay  
An output delay is missing on output_data[6] relative to the rising and/or falling clock edge(s) of clk.
Related violations: <none>

TIMING-18#412 Warning
Missing input or output delay  
An output delay is missing on output_data[7] relative to the rising and/or falling clock edge(s) of clk.
Related violations: <none>

TIMING-18#413 Warning
Missing input or output delay  
An output delay is missing on output_data[8] relative to the rising and/or falling clock edge(s) of clk.
Related violations: <none>

TIMING-18#414 Warning
Missing input or output delay  
An output delay is missing on output_data[9] relative to the rising and/or falling clock edge(s) of clk.
Related violations: <none>

TIMING-18#415 Warning
Missing input or output delay  
An output delay is missing on output_valid relative to the rising and/or falling clock edge(s) of clk.
Related violations: <none>

TIMING-18#416 Warning
Missing input or output delay  
An output delay is missing on ready relative to the rising and/or falling clock edge(s) of clk.
Related violations: <none>

TIMING-18#417 Warning
Missing input or output delay  
An output delay is missing on wbuf_rd_data[0] relative to the rising and/or falling clock edge(s) of clk.
Related violations: <none>

TIMING-18#418 Warning
Missing input or output delay  
An output delay is missing on wbuf_rd_data[1] relative to the rising and/or falling clock edge(s) of clk.
Related violations: <none>

TIMING-18#419 Warning
Missing input or output delay  
An output delay is missing on wbuf_rd_data[2] relative to the rising and/or falling clock edge(s) of clk.
Related violations: <none>

TIMING-18#420 Warning
Missing input or output delay  
An output delay is missing on wbuf_rd_data[3] relative to the rising and/or falling clock edge(s) of clk.
Related violations: <none>

TIMING-18#421 Warning
Missing input or output delay  
An output delay is missing on wbuf_rd_data[4] relative to the rising and/or falling clock edge(s) of clk.
Related violations: <none>

TIMING-18#422 Warning
Missing input or output delay  
An output delay is missing on wbuf_rd_data[5] relative to the rising and/or falling clock edge(s) of clk.
Related violations: <none>

TIMING-18#423 Warning
Missing input or output delay  
An output delay is missing on wbuf_rd_data[6] relative to the rising and/or falling clock edge(s) of clk.
Related violations: <none>

TIMING-18#424 Warning
Missing input or output delay  
An output delay is missing on wbuf_rd_data[7] relative to the rising and/or falling clock edge(s) of clk.
Related violations: <none>


