Copyright 1986-2022 Xilinx, Inc. All Rights Reserved. Copyright 2022-2026 Advanced Micro Devices, Inc. All Rights Reserved.
---------------------------------------------------------------------------------------------------------------------------------------------
| Tool Version : Vivado v.2026.1 (win64) Build 6511674 Tue Jun 16 11:02:23 MDT 2026
| Date         : Thu Sep 10 18:54:37 2026
| Host         : ANBU-PC running 64-bit major release  (build 9200)
| Command      : report_timing_summary -file reports/post_synth_timing.rpt
| Design       : ampc_top
| Device       : 7z010-clg400
| Speed File   : -1  PRODUCTION 1.12 2019-11-22
| Design State : Synthesized
---------------------------------------------------------------------------------------------------------------------------------------------

Timing Summary Report

------------------------------------------------------------------------------------------------
| Timer Settings
| --------------
------------------------------------------------------------------------------------------------

  Enable Multi Corner Analysis               :  Yes
  Enable Pessimism Removal                   :  Yes
  Pessimism Removal Resolution               :  Nearest Common Node
  Enable Input Delay Default Clock           :  No
  Enable Preset / Clear Arcs                 :  No
  Disable Flight Delays                      :  No
  Ignore I/O Paths                           :  No
  Timing Early Launch at Borrowing Latches   :  No
  Borrow Time for Max Delay Exceptions       :  Yes
  Merge Timing Exceptions                    :  Yes
  Inter-SLR Compensation                     :  Conservative

  Corner  Analyze    Analyze    
  Name    Max Paths  Min Paths  
  ------  ---------  ---------  
  Slow    Yes        Yes        
  Fast    Yes        Yes        


------------------------------------------------------------------------------------------------
| Report Methodology
| ------------------
------------------------------------------------------------------------------------------------

No report available as report_methodology has not been run prior. Run report_methodology on the current design for the summary of methodology violations.



check_timing report

Table of Contents
-----------------
1. checking no_clock (0)
2. checking constant_clock (0)
3. checking pulse_width_clock (0)
4. checking unconstrained_internal_endpoints (0)
5. checking no_input_delay (316)
6. checking no_output_delay (106)
7. checking multiple_clock (0)
8. checking generated_clocks (0)
9. checking loops (0)
10. checking partial_input_delay (0)
11. checking partial_output_delay (0)
12. checking latch_loops (0)

1. checking no_clock (0)
------------------------
 There are 0 register/latch pins with no clock.


2. checking constant_clock (0)
------------------------------
 There are 0 register/latch pins with constant_clock.


3. checking pulse_width_clock (0)
---------------------------------
 There are 0 register/latch pins which need pulse_width check


4. checking unconstrained_internal_endpoints (0)
------------------------------------------------
 There are 0 pins that are not constrained for maximum delay.

 There are 0 pins that are not constrained for maximum delay due to constant clock.


5. checking no_input_delay (316)
--------------------------------
 There are 316 input ports with no input delay specified. (HIGH)

 There are 0 input ports with no input delay but user has a false path constraint.


6. checking no_output_delay (106)
---------------------------------
 There are 106 ports with no output delay specified. (HIGH)

 There are 0 ports with no output delay but user has a false path constraint

 There are 0 ports with no output delay but with a timing clock defined on it or propagating through it


7. checking multiple_clock (0)
------------------------------
 There are 0 register/latch pins with multiple clocks.


8. checking generated_clocks (0)
--------------------------------
 There are 0 generated clocks that are not connected to a clock source.


9. checking loops (0)
---------------------
 There are 0 combinational loops in the design.


10. checking partial_input_delay (0)
------------------------------------
 There are 0 input ports with partial input delay specified.


11. checking partial_output_delay (0)
-------------------------------------
 There are 0 ports with partial output delay specified.


12. checking latch_loops (0)
----------------------------
 There are 0 combinational latch loops in the design through latch input



------------------------------------------------------------------------------------------------
| Design Timing Summary
| ---------------------
------------------------------------------------------------------------------------------------

    WNS(ns)      TNS(ns)  TNS Failing Endpoints  TNS Total Endpoints      WHS(ns)      THS(ns)  THS Failing Endpoints  THS Total Endpoints     WPWS(ns)     TPWS(ns)  TPWS Failing Endpoints  TPWS Total Endpoints  
    -------      -------  ---------------------  -------------------      -------      -------  ---------------------  -------------------     --------     --------  ----------------------  --------------------  
      1.130        0.000                      0                 1129        0.061        0.000                      0                 1129        3.750        0.000                       0                   902  


All user specified timing constraints are met.


------------------------------------------------------------------------------------------------
| Clock Summary
| -------------
------------------------------------------------------------------------------------------------

Clock  Waveform(ns)       Period(ns)      Frequency(MHz)
-----  ------------       ----------      --------------
clk    {0.000 5.000}      10.000          100.000         


------------------------------------------------------------------------------------------------
| Intra Clock Table
| -----------------
------------------------------------------------------------------------------------------------

Clock             WNS(ns)      TNS(ns)  TNS Failing Endpoints  TNS Total Endpoints      WHS(ns)      THS(ns)  THS Failing Endpoints  THS Total Endpoints     WPWS(ns)     TPWS(ns)  TPWS Failing Endpoints  TPWS Total Endpoints  
-----             -------      -------  ---------------------  -------------------      -------      -------  ---------------------  -------------------     --------     --------  ----------------------  --------------------  
clk                 1.130        0.000                      0                 1129        0.061        0.000                      0                 1129        3.750        0.000                       0                   902  


------------------------------------------------------------------------------------------------
| Inter Clock Table
| -----------------
------------------------------------------------------------------------------------------------

From Clock    To Clock          WNS(ns)      TNS(ns)  TNS Failing Endpoints  TNS Total Endpoints      WHS(ns)      THS(ns)  THS Failing Endpoints  THS Total Endpoints  
----------    --------          -------      -------  ---------------------  -------------------      -------      -------  ---------------------  -------------------  


------------------------------------------------------------------------------------------------
| Other Path Groups Table
| -----------------------
------------------------------------------------------------------------------------------------

Path Group    From Clock    To Clock          WNS(ns)      TNS(ns)  TNS Failing Endpoints  TNS Total Endpoints      WHS(ns)      THS(ns)  THS Failing Endpoints  THS Total Endpoints  
----------    ----------    --------          -------      -------  ---------------------  -------------------      -------      -------  ---------------------  -------------------  


------------------------------------------------------------------------------------------------
| Timing Details
| --------------
------------------------------------------------------------------------------------------------


---------------------------------------------------------------------------------------------------
From Clock:  clk
  To Clock:  clk

Setup :            0  Failing Endpoints,  Worst Slack        1.130ns,  Total Violation        0.000ns
Hold  :            0  Failing Endpoints,  Worst Slack        0.061ns,  Total Violation        0.000ns
PW    :            0  Failing Endpoints,  Worst Slack        3.750ns,  Total Violation        0.000ns
---------------------------------------------------------------------------------------------------


Max Delay Paths
--------------------------------------------------------------------------------------
Slack (MET) :             1.130ns  (required time - arrival time)
  Source:                 mask_q_reg[7]/C
                            (rising edge-triggered cell FDRE clocked by clk  {rise@0.000ns fall@5.000ns period=10.000ns})
  Destination:            u_accumulator/accumulated_out_reg[29]/D
                            (rising edge-triggered cell FDRE clocked by clk  {rise@0.000ns fall@5.000ns period=10.000ns})
  Path Group:             clk
  Path Type:              Setup (Max at Slow Process Corner)
  Requirement:            10.000ns  (clk rise@10.000ns - clk rise@0.000ns)
  Data Path Delay:        8.695ns  (logic 4.358ns (50.121%)  route 4.337ns (49.879%))
  Logic Levels:           13  (CARRY4=9 LUT3=2 LUT5=2)
  Clock Path Skew:        -0.049ns (DCD - SCD + CPR)
    Destination Clock Delay (DCD):    0.924ns = ( 10.924 - 10.000 ) 
    Source Clock Delay      (SCD):    0.973ns
    Clock Pessimism Removal (CPR):    0.000ns
  Clock Uncertainty:      0.235ns  ((TSJ^2 + TIJ^2)^1/2 + DJ) / 2 + PE + UU
    Total System Jitter     (TSJ):    0.071ns
    Total Input Jitter      (TIJ):    0.000ns
    Discrete Jitter          (DJ):    0.000ns
    Phase Error              (PE):    0.000ns
    User Uncertainty         (UU):    0.200ns

    Location             Delay type                Incr(ns)  Path(ns)    Netlist Resource(s)
  -------------------------------------------------------------------    -------------------
                         (clock clk rise edge)        0.000     0.000 r  <hidden>
                                                      0.000     0.000 r  clk
                         net (fo=901, unset)          0.973     0.973    clk
                         FDRE                                         r  mask_q_reg[7]/C
  -------------------------------------------------------------------    -------------------
                         FDRE (Prop_fdre_C_Q)         0.496     1.469 r  mask_q_reg[7]/Q
                         net (fo=16, unplaced)        0.860     2.329    u_ampc_8/Q[4]
                         LUT5 (Prop_lut5_I0_O)        0.295     2.624 r  u_ampc_8/accumulated_out[11]_i_98/O
                         net (fo=2, unplaced)         0.460     3.084    u_ampc_8/mask_q_reg[7][0]
                         LUT5 (Prop_lut5_I1_O)        0.124     3.208 r  u_ampc_8/accumulated_out[11]_i_63/O
                         net (fo=2, unplaced)         0.650     3.858    u_ampc_8/accumulated_out[11]_i_63_n_0
                         CARRY4 (Prop_carry4_DI[1]_CO[3])
                                                      0.520     4.378 r  u_ampc_8/accumulated_out_reg[11]_i_37/CO[3]
                         net (fo=1, unplaced)         0.000     4.378    u_ampc_8/accumulated_out_reg[11]_i_37_n_0
                         CARRY4 (Prop_carry4_CI_CO[3])
                                                      0.117     4.495 r  u_ampc_8/accumulated_out_reg[15]_i_37/CO[3]
                         net (fo=1, unplaced)         0.000     4.495    u_ampc_8/accumulated_out_reg[15]_i_37_n_0
                         CARRY4 (Prop_carry4_CI_CO[3])
                                                      0.117     4.612 r  u_ampc_8/accumulated_out_reg[19]_i_37/CO[3]
                         net (fo=1, unplaced)         0.000     4.612    u_ampc_8/accumulated_out_reg[19]_i_37_n_0
                         CARRY4 (Prop_carry4_CI_CO[3])
                                                      0.117     4.729 r  u_ampc_8/accumulated_out_reg[23]_i_33/CO[3]
                         net (fo=1, unplaced)         0.000     4.729    u_ampc_8/accumulated_out_reg[23]_i_33_n_0
                         CARRY4 (Prop_carry4_CI_O[0])
                                                      0.232     4.961 r  u_ampc_8/accumulated_out_reg[27]_i_33/O[0]
                         net (fo=3, unplaced)         0.759     5.720    u_ampc_16/accumulated_out_reg[27]_i_10_0[0]
                         LUT3 (Prop_lut3_I0_O)        0.295     6.015 r  u_ampc_16/accumulated_out[23]_i_15/O
                         net (fo=1, unplaced)         0.639     6.654    u_ampc_16/accumulated_out[23]_i_15_n_0
                         CARRY4 (Prop_carry4_DI[1]_CO[3])
                                                      0.520     7.174 r  u_ampc_16/accumulated_out_reg[23]_i_10/CO[3]
                         net (fo=1, unplaced)         0.000     7.174    u_ampc_16/accumulated_out_reg[23]_i_10_n_0
                         CARRY4 (Prop_carry4_CI_O[3])
                                                      0.331     7.505 r  u_ampc_16/accumulated_out_reg[27]_i_10/O[3]
                         net (fo=3, unplaced)         0.636     8.141    u_ampc_16/accumulated_out_reg[27]_i_10_n_4
                         LUT3 (Prop_lut3_I0_O)        0.307     8.448 r  u_ampc_16/accumulated_out[27]_i_5/O
                         net (fo=1, unplaced)         0.333     8.781    u_ampc_16/accumulated_out[27]_i_5_n_0
                         CARRY4 (Prop_carry4_DI[0]_CO[3])
                                                      0.550     9.331 r  u_ampc_16/accumulated_out_reg[27]_i_1/CO[3]
                         net (fo=1, unplaced)         0.000     9.331    u_ampc_16/accumulated_out_reg[27]_i_1_n_0
                         CARRY4 (Prop_carry4_CI_O[1])
                                                      0.337     9.668 r  u_ampc_16/accumulated_out_reg[31]_i_2/O[1]
                         net (fo=1, unplaced)         0.000     9.668    u_accumulator/D[29]
                         FDRE                                         r  u_accumulator/accumulated_out_reg[29]/D
  -------------------------------------------------------------------    -------------------

                         (clock clk rise edge)       10.000    10.000 r  <hidden>
                                                      0.000    10.000 r  clk
                         net (fo=901, unset)          0.924    10.924    u_accumulator/clk
                         FDRE                                         r  u_accumulator/accumulated_out_reg[29]/C
                         clock pessimism              0.000    10.924    <hidden>
                         clock uncertainty           -0.235    10.689    <hidden>
                         FDRE (Setup_fdre_C_D)        0.109    10.798    u_accumulator/accumulated_out_reg[29]
  -------------------------------------------------------------------
                         required time                         10.798    <hidden>
                         arrival time                          -9.668    <hidden>
  -------------------------------------------------------------------
                         slack                                  1.130    <hidden>





Min Delay Paths
--------------------------------------------------------------------------------------
Slack (MET) :             0.061ns  (arrival time - required time)
  Source:                 u_accumulator/valid_out_reg/C
                            (rising edge-triggered cell FDRE clocked by clk  {rise@0.000ns fall@5.000ns period=10.000ns})
  Destination:            last_chunk_reached_reg/D
                            (rising edge-triggered cell FDRE clocked by clk  {rise@0.000ns fall@5.000ns period=10.000ns})
  Path Group:             clk
  Path Type:              Hold (Min at Fast Process Corner)
  Requirement:            0.000ns  (clk rise@0.000ns - clk rise@0.000ns)
  Data Path Delay:        0.395ns  (logic 0.256ns (64.863%)  route 0.139ns (35.137%))
  Logic Levels:           1  (LUT6=1)
  Clock Path Skew:        0.022ns (DCD - SCD - CPR)
    Destination Clock Delay (DCD):    0.432ns
    Source Clock Delay      (SCD):    0.410ns
    Clock Pessimism Removal (CPR):    -0.000ns
  Clock Uncertainty:      0.200ns  ((TSJ^2 + TIJ^2)^1/2 + DJ) / 2 + PE + UU
    Total System Jitter     (TSJ):    0.000ns
    Total Input Jitter      (TIJ):    0.000ns
    Discrete Jitter          (DJ):    0.000ns
    Phase Error              (PE):    0.000ns
    User Uncertainty         (UU):    0.200ns

    Location             Delay type                Incr(ns)  Path(ns)    Netlist Resource(s)
  -------------------------------------------------------------------    -------------------
                         (clock clk rise edge)        0.000     0.000 r  <hidden>
                                                      0.000     0.000 r  clk
                         net (fo=901, unset)          0.410     0.410    u_accumulator/clk
                         FDRE                                         r  u_accumulator/valid_out_reg/C
  -------------------------------------------------------------------    -------------------
                         FDRE (Prop_fdre_C_Q)         0.158     0.568 f  u_accumulator/valid_out_reg/Q
                         net (fo=3, unplaced)         0.139     0.707    u_accumulator/accum_valid_out
                         LUT6 (Prop_lut6_I5_O)        0.098     0.805 r  u_accumulator/last_chunk_reached_i_1/O
                         net (fo=1, unplaced)         0.000     0.805    u_accumulator_n_3
                         FDRE                                         r  last_chunk_reached_reg/D
  -------------------------------------------------------------------    -------------------

                         (clock clk rise edge)        0.000     0.000 r  <hidden>
                                                      0.000     0.000 r  clk
                         net (fo=901, unset)          0.432     0.432    clk
                         FDRE                                         r  last_chunk_reached_reg/C
                         clock pessimism              0.000     0.432    <hidden>
                         clock uncertainty            0.200     0.632    <hidden>
                         FDRE (Hold_fdre_C_D)         0.112     0.744    last_chunk_reached_reg
  -------------------------------------------------------------------
                         required time                         -0.744    <hidden>
                         arrival time                           0.805    <hidden>
  -------------------------------------------------------------------
                         slack                                  0.061    <hidden>





Pulse Width Checks
--------------------------------------------------------------------------------------
Clock Name:         clk
Waveform(ns):       { 0.000 5.000 }
Period(ns):         10.000
Sources:            { clk }

Check Type        Corner  Lib Pin      Reference Pin  Required(ns)  Actual(ns)  Slack(ns)  Location  Pin
Min Period        n/a     FDRE/C       n/a            1.000         10.000      9.000                done_reg/C
Low Pulse Width   Slow    RAMD64E/CLK  n/a            1.250         5.000       3.750                u_input_buffer/mem_reg_0_63_0_2/RAMA/CLK
High Pulse Width  Slow    RAMD64E/CLK  n/a            1.250         5.000       3.750                u_input_buffer/mem_reg_0_63_0_2/RAMA/CLK



